Analysis & Synthesis report for KnightRiderFlasher
Sat Feb 06 16:36:26 2021
Quartus Prime Version 18.1.0 Build 625 09/12/2018 SJ Lite Edition


---------------------
; Table of Contents ;
---------------------
  1. Legal Notice
  2. Analysis & Synthesis Summary
  3. Analysis & Synthesis Settings
  4. Parallel Compilation
  5. Analysis & Synthesis Source Files Read
  6. Analysis & Synthesis Resource Usage Summary
  7. Analysis & Synthesis Resource Utilization by Entity
  8. User-Specified and Inferred Latches
  9. Registers Removed During Synthesis
 10. Removed Registers Triggering Further Register Optimizations
 11. General Register Statistics
 12. Parameter Settings for User Entity Instance: ToggleLatch:toggy
 13. Parameter Settings for User Entity Instance: divideX:d
 14. Parameter Settings for User Entity Instance: UpDownCounter:udc
 15. Parameter Settings for User Entity Instance: decoder2N:d2n
 16. Port Connectivity Checks: "decoder2N:d2n"
 17. Post-Synthesis Netlist Statistics for Top Partition
 18. Elapsed Time Per Partition
 19. Analysis & Synthesis Messages



----------------
; Legal Notice ;
----------------
Copyright (C) 2018  Intel Corporation. All rights reserved.
Your use of Intel Corporation's design tools, logic functions 
and other software and tools, and its AMPP partner logic 
functions, and any output files from any of the foregoing 
(including device programming or simulation files), and any 
associated documentation or information are expressly subject 
to the terms and conditions of the Intel Program License 
Subscription Agreement, the Intel Quartus Prime License Agreement,
the Intel FPGA IP License Agreement, or other applicable license
agreement, including, without limitation, that your use is for
the sole purpose of programming logic devices manufactured by
Intel and sold by Intel or its authorized distributors.  Please
refer to the applicable agreement for further details.



+-------------------------------------------------------------------------------+
; Analysis & Synthesis Summary                                                  ;
+---------------------------------+---------------------------------------------+
; Analysis & Synthesis Status     ; Successful - Sat Feb 06 16:36:26 2021       ;
; Quartus Prime Version           ; 18.1.0 Build 625 09/12/2018 SJ Lite Edition ;
; Revision Name                   ; KnightRiderFlasher                          ;
; Top-level Entity Name           ; KnightRiderFlasher                          ;
; Family                          ; Cyclone V                                   ;
; Logic utilization (in ALMs)     ; N/A                                         ;
; Total registers                 ; 31                                          ;
; Total pins                      ; 12                                          ;
; Total virtual pins              ; 0                                           ;
; Total block memory bits         ; 0                                           ;
; Total DSP Blocks                ; 0                                           ;
; Total HSSI RX PCSs              ; 0                                           ;
; Total HSSI PMA RX Deserializers ; 0                                           ;
; Total HSSI TX PCSs              ; 0                                           ;
; Total HSSI PMA TX Serializers   ; 0                                           ;
; Total PLLs                      ; 0                                           ;
; Total DLLs                      ; 0                                           ;
+---------------------------------+---------------------------------------------+


+---------------------------------------------------------------------------------------------------------------------------+
; Analysis & Synthesis Settings                                                                                             ;
+---------------------------------------------------------------------------------+--------------------+--------------------+
; Option                                                                          ; Setting            ; Default Value      ;
+---------------------------------------------------------------------------------+--------------------+--------------------+
; Device                                                                          ; 5CSEMA5F31C6       ;                    ;
; Top-level entity name                                                           ; KnightRiderFlasher ; KnightRiderFlasher ;
; Family name                                                                     ; Cyclone V          ; Cyclone V          ;
; Use smart compilation                                                           ; Off                ; Off                ;
; Enable parallel Assembler and Timing Analyzer during compilation                ; On                 ; On                 ;
; Enable compact report table                                                     ; Off                ; Off                ;
; Restructure Multiplexers                                                        ; Auto               ; Auto               ;
; MLAB Add Timing Constraints For Mixed-Port Feed-Through Mode Setting Don't Care ; Off                ; Off                ;
; Create Debugging Nodes for IP Cores                                             ; Off                ; Off                ;
; Preserve fewer node names                                                       ; On                 ; On                 ;
; Intel FPGA IP Evaluation Mode                                                   ; Enable             ; Enable             ;
; Verilog Version                                                                 ; Verilog_2001       ; Verilog_2001       ;
; VHDL Version                                                                    ; VHDL_1993          ; VHDL_1993          ;
; State Machine Processing                                                        ; Auto               ; Auto               ;
; Safe State Machine                                                              ; Off                ; Off                ;
; Extract Verilog State Machines                                                  ; On                 ; On                 ;
; Extract VHDL State Machines                                                     ; On                 ; On                 ;
; Ignore Verilog initial constructs                                               ; Off                ; Off                ;
; Iteration limit for constant Verilog loops                                      ; 5000               ; 5000               ;
; Iteration limit for non-constant Verilog loops                                  ; 250                ; 250                ;
; Add Pass-Through Logic to Inferred RAMs                                         ; On                 ; On                 ;
; Infer RAMs from Raw Logic                                                       ; On                 ; On                 ;
; Parallel Synthesis                                                              ; On                 ; On                 ;
; DSP Block Balancing                                                             ; Auto               ; Auto               ;
; NOT Gate Push-Back                                                              ; On                 ; On                 ;
; Power-Up Don't Care                                                             ; On                 ; On                 ;
; Remove Redundant Logic Cells                                                    ; Off                ; Off                ;
; Remove Duplicate Registers                                                      ; On                 ; On                 ;
; Ignore CARRY Buffers                                                            ; Off                ; Off                ;
; Ignore CASCADE Buffers                                                          ; Off                ; Off                ;
; Ignore GLOBAL Buffers                                                           ; Off                ; Off                ;
; Ignore ROW GLOBAL Buffers                                                       ; Off                ; Off                ;
; Ignore LCELL Buffers                                                            ; Off                ; Off                ;
; Ignore SOFT Buffers                                                             ; On                 ; On                 ;
; Limit AHDL Integers to 32 Bits                                                  ; Off                ; Off                ;
; Optimization Technique                                                          ; Balanced           ; Balanced           ;
; Carry Chain Length                                                              ; 70                 ; 70                 ;
; Auto Carry Chains                                                               ; On                 ; On                 ;
; Auto Open-Drain Pins                                                            ; On                 ; On                 ;
; Perform WYSIWYG Primitive Resynthesis                                           ; Off                ; Off                ;
; Auto ROM Replacement                                                            ; On                 ; On                 ;
; Auto RAM Replacement                                                            ; On                 ; On                 ;
; Auto DSP Block Replacement                                                      ; On                 ; On                 ;
; Auto Shift Register Replacement                                                 ; Auto               ; Auto               ;
; Allow Shift Register Merging across Hierarchies                                 ; Auto               ; Auto               ;
; Auto Clock Enable Replacement                                                   ; On                 ; On                 ;
; Strict RAM Replacement                                                          ; Off                ; Off                ;
; Allow Synchronous Control Signals                                               ; On                 ; On                 ;
; Force Use of Synchronous Clear Signals                                          ; Off                ; Off                ;
; Auto Resource Sharing                                                           ; Off                ; Off                ;
; Allow Any RAM Size For Recognition                                              ; Off                ; Off                ;
; Allow Any ROM Size For Recognition                                              ; Off                ; Off                ;
; Allow Any Shift Register Size For Recognition                                   ; Off                ; Off                ;
; Use LogicLock Constraints during Resource Balancing                             ; On                 ; On                 ;
; Ignore translate_off and synthesis_off directives                               ; Off                ; Off                ;
; Timing-Driven Synthesis                                                         ; On                 ; On                 ;
; Report Parameter Settings                                                       ; On                 ; On                 ;
; Report Source Assignments                                                       ; On                 ; On                 ;
; Report Connectivity Checks                                                      ; On                 ; On                 ;
; Ignore Maximum Fan-Out Assignments                                              ; Off                ; Off                ;
; Synchronization Register Chain Length                                           ; 3                  ; 3                  ;
; Power Optimization During Synthesis                                             ; Normal compilation ; Normal compilation ;
; HDL message level                                                               ; Level2             ; Level2             ;
; Suppress Register Optimization Related Messages                                 ; Off                ; Off                ;
; Number of Removed Registers Reported in Synthesis Report                        ; 5000               ; 5000               ;
; Number of Swept Nodes Reported in Synthesis Report                              ; 5000               ; 5000               ;
; Number of Inverted Registers Reported in Synthesis Report                       ; 100                ; 100                ;
; Clock MUX Protection                                                            ; On                 ; On                 ;
; Auto Gated Clock Conversion                                                     ; Off                ; Off                ;
; Block Design Naming                                                             ; Auto               ; Auto               ;
; SDC constraint protection                                                       ; Off                ; Off                ;
; Synthesis Effort                                                                ; Auto               ; Auto               ;
; Shift Register Replacement - Allow Asynchronous Clear Signal                    ; On                 ; On                 ;
; Pre-Mapping Resynthesis Optimization                                            ; Off                ; Off                ;
; Analysis & Synthesis Message Level                                              ; Medium             ; Medium             ;
; Disable Register Merging Across Hierarchies                                     ; Auto               ; Auto               ;
; Resource Aware Inference For Block RAM                                          ; On                 ; On                 ;
; Automatic Parallel Synthesis                                                    ; On                 ; On                 ;
; Partial Reconfiguration Bitstream ID                                            ; Off                ; Off                ;
+---------------------------------------------------------------------------------+--------------------+--------------------+


+------------------------------------------+
; Parallel Compilation                     ;
+----------------------------+-------------+
; Processors                 ; Number      ;
+----------------------------+-------------+
; Number detected on machine ; 8           ;
; Maximum allowed            ; 8           ;
;                            ;             ;
; Average used               ; 1.00        ;
; Maximum used               ; 8           ;
;                            ;             ;
; Usage by Processor         ; % Time Used ;
;     Processor 1            ; 100.0%      ;
;     Processors 2-8         ;   0.0%      ;
+----------------------------+-------------+


+----------------------------------------------------------------------------------------------------------------------------------------------------------------------------------------------------------+
; Analysis & Synthesis Source Files Read                                                                                                                                                                   ;
+----------------------------------+-----------------+------------------------+------------------------------------------------------------------------------------------------------------------+---------+
; File Name with User-Entered Path ; Used in Netlist ; File Type              ; File Name with Absolute Path                                                                                     ; Library ;
+----------------------------------+-----------------+------------------------+------------------------------------------------------------------------------------------------------------------+---------+
; KnightRiderFlasher.v             ; yes             ; User Verilog HDL File  ; //vmware-host/Shared Folders/Desktop/Spring2021/Advanced Digital Logic/Knight Rider Flasher/KnightRiderFlasher.v ;         ;
+----------------------------------+-----------------+------------------------+------------------------------------------------------------------------------------------------------------------+---------+


+---------------------------------------------------------------------+
; Analysis & Synthesis Resource Usage Summary                         ;
+---------------------------------------------+-----------------------+
; Resource                                    ; Usage                 ;
+---------------------------------------------+-----------------------+
; Estimate of Logic utilization (ALMs needed) ; 40                    ;
;                                             ;                       ;
; Combinational ALUT usage for logic          ; 71                    ;
;     -- 7 input functions                    ; 0                     ;
;     -- 6 input functions                    ; 9                     ;
;     -- 5 input functions                    ; 12                    ;
;     -- 4 input functions                    ; 5                     ;
;     -- <=3 input functions                  ; 45                    ;
;                                             ;                       ;
; Dedicated logic registers                   ; 31                    ;
;                                             ;                       ;
; I/O pins                                    ; 12                    ;
;                                             ;                       ;
; Total DSP Blocks                            ; 0                     ;
;                                             ;                       ;
; Maximum fan-out node                        ; ToggleLatch:toggy|OUT ;
; Maximum fan-out                             ; 36                    ;
; Total fan-out                               ; 365                   ;
; Average fan-out                             ; 2.90                  ;
+---------------------------------------------+-----------------------+


+-----------------------------------------------------------------------------------------------------------------------------------------------------------------------------------------------------------------+
; Analysis & Synthesis Resource Utilization by Entity                                                                                                                                                             ;
+----------------------------+---------------------+---------------------------+-------------------+------------+------+--------------+---------------------------------------+--------------------+--------------+
; Compilation Hierarchy Node ; Combinational ALUTs ; Dedicated Logic Registers ; Block Memory Bits ; DSP Blocks ; Pins ; Virtual Pins ; Full Hierarchy Name                   ; Entity Name        ; Library Name ;
+----------------------------+---------------------+---------------------------+-------------------+------------+------+--------------+---------------------------------------+--------------------+--------------+
; |KnightRiderFlasher        ; 71 (4)              ; 31 (0)                    ; 0                 ; 0          ; 12   ; 0            ; |KnightRiderFlasher                   ; KnightRiderFlasher ; work         ;
;    |ToggleLatch:toggy|     ; 2 (2)               ; 1 (1)                     ; 0                 ; 0          ; 0    ; 0            ; |KnightRiderFlasher|ToggleLatch:toggy ; ToggleLatch        ; work         ;
;    |UpDownCounter:udc|     ; 4 (4)               ; 4 (4)                     ; 0                 ; 0          ; 0    ; 0            ; |KnightRiderFlasher|UpDownCounter:udc ; UpDownCounter      ; work         ;
;    |decoder2N:d2n|         ; 10 (10)             ; 0 (0)                     ; 0                 ; 0          ; 0    ; 0            ; |KnightRiderFlasher|decoder2N:d2n     ; decoder2N          ; work         ;
;    |divideX:d|             ; 51 (51)             ; 26 (26)                   ; 0                 ; 0          ; 0    ; 0            ; |KnightRiderFlasher|divideX:d         ; divideX            ; work         ;
+----------------------------+---------------------+---------------------------+-------------------+------------+------+--------------+---------------------------------------+--------------------+--------------+
Note: For table entries with two numbers listed, the numbers in parentheses indicate the number of resources of the given type used by the specific entity alone. The numbers listed outside of parentheses indicate the total resources of the given type used by the specific entity and all of its sub-entities in the hierarchy.


+---------------------------------------------------------------------------------------------------+
; User-Specified and Inferred Latches                                                               ;
+----------------------------------------------------+---------------------+------------------------+
; Latch Name                                         ; Latch Enable Signal ; Free of Timing Hazards ;
+----------------------------------------------------+---------------------+------------------------+
; direction                                          ; GND                 ; yes                    ;
; Number of user-specified and inferred latches = 1  ;                     ;                        ;
+----------------------------------------------------+---------------------+------------------------+
Note: All latches listed above may not be present at the end of synthesis due to various synthesis optimizations.


+--------------------------------------------------------------------------------+
; Registers Removed During Synthesis                                             ;
+---------------------------------------+----------------------------------------+
; Register name                         ; Reason for Removal                     ;
+---------------------------------------+----------------------------------------+
; divideX:d|count[25..31]               ; Stuck at GND due to stuck port data_in ;
; Total Number of Removed Registers = 7 ;                                        ;
+---------------------------------------+----------------------------------------+


+-----------------------------------------------------------------------------------------------------------------+
; Removed Registers Triggering Further Register Optimizations                                                     ;
+---------------------+---------------------------+---------------------------------------------------------------+
; Register name       ; Reason for Removal        ; Registers Removed due to This Register                        ;
+---------------------+---------------------------+---------------------------------------------------------------+
; divideX:d|count[31] ; Stuck at GND              ; divideX:d|count[27], divideX:d|count[26], divideX:d|count[25] ;
;                     ; due to stuck port data_in ;                                                               ;
+---------------------+---------------------------+---------------------------------------------------------------+


+------------------------------------------------------+
; General Register Statistics                          ;
+----------------------------------------------+-------+
; Statistic                                    ; Value ;
+----------------------------------------------+-------+
; Total registers                              ; 31    ;
; Number of registers using Synchronous Clear  ; 0     ;
; Number of registers using Synchronous Load   ; 26    ;
; Number of registers using Asynchronous Clear ; 4     ;
; Number of registers using Asynchronous Load  ; 0     ;
; Number of registers using Clock Enable       ; 0     ;
; Number of registers using Preset             ; 0     ;
+----------------------------------------------+-------+


+----------------------------------------------------------------+
; Parameter Settings for User Entity Instance: ToggleLatch:toggy ;
+----------------+-------+---------------------------------------+
; Parameter Name ; Value ; Type                                  ;
+----------------+-------+---------------------------------------+
; ON             ; 1     ; Signed Integer                        ;
; OFF            ; 0     ; Signed Integer                        ;
+----------------+-------+---------------------------------------+
Note: In order to hide this table in the UI and the text report file, please set the "Show Parameter Settings in Synthesis Report" option in "Analysis and Synthesis Settings -> More Settings" to "Off".


+--------------------------------------------------------+
; Parameter Settings for User Entity Instance: divideX:d ;
+----------------+---------+-----------------------------+
; Parameter Name ; Value   ; Type                        ;
+----------------+---------+-----------------------------+
; N              ; 5000000 ; Signed Integer              ;
+----------------+---------+-----------------------------+
Note: In order to hide this table in the UI and the text report file, please set the "Show Parameter Settings in Synthesis Report" option in "Analysis and Synthesis Settings -> More Settings" to "Off".


+----------------------------------------------------------------+
; Parameter Settings for User Entity Instance: UpDownCounter:udc ;
+----------------+-------+---------------------------------------+
; Parameter Name ; Value ; Type                                  ;
+----------------+-------+---------------------------------------+
; N              ; 4     ; Signed Integer                        ;
+----------------+-------+---------------------------------------+
Note: In order to hide this table in the UI and the text report file, please set the "Show Parameter Settings in Synthesis Report" option in "Analysis and Synthesis Settings -> More Settings" to "Off".


+------------------------------------------------------------+
; Parameter Settings for User Entity Instance: decoder2N:d2n ;
+----------------+-------+-----------------------------------+
; Parameter Name ; Value ; Type                              ;
+----------------+-------+-----------------------------------+
; N              ; 4     ; Signed Integer                    ;
+----------------+-------+-----------------------------------+
Note: In order to hide this table in the UI and the text report file, please set the "Show Parameter Settings in Synthesis Report" option in "Analysis and Synthesis Settings -> More Settings" to "Off".


+-------------------------------------------------------------------------------------------------------------------------------------------------------+
; Port Connectivity Checks: "decoder2N:d2n"                                                                                                             ;
+------+--------+----------+----------------------------------------------------------------------------------------------------------------------------+
; Port ; Type   ; Severity ; Details                                                                                                                    ;
+------+--------+----------+----------------------------------------------------------------------------------------------------------------------------+
; out  ; Output ; Warning  ; Output or bidir port (16 bits) is wider than the port expression (10 bits) it drives; bit(s) "out[15..10]" have no fanouts ;
+------+--------+----------+----------------------------------------------------------------------------------------------------------------------------+


+-----------------------------------------------------+
; Post-Synthesis Netlist Statistics for Top Partition ;
+-----------------------+-----------------------------+
; Type                  ; Count                       ;
+-----------------------+-----------------------------+
; arriav_ff             ; 31                          ;
;     CLR               ; 4                           ;
;     SLD               ; 26                          ;
;     plain             ; 1                           ;
; arriav_lcell_comb     ; 74                          ;
;     arith             ; 26                          ;
;         0 data inputs ; 1                           ;
;         1 data inputs ; 25                          ;
;     normal            ; 48                          ;
;         0 data inputs ; 1                           ;
;         1 data inputs ; 5                           ;
;         2 data inputs ; 8                           ;
;         3 data inputs ; 8                           ;
;         4 data inputs ; 5                           ;
;         5 data inputs ; 12                          ;
;         6 data inputs ; 9                           ;
; boundary_port         ; 12                          ;
;                       ;                             ;
; Max LUT depth         ; 6.10                        ;
; Average LUT depth     ; 4.60                        ;
+-----------------------+-----------------------------+


+-------------------------------+
; Elapsed Time Per Partition    ;
+----------------+--------------+
; Partition Name ; Elapsed Time ;
+----------------+--------------+
; Top            ; 00:00:00     ;
+----------------+--------------+


+-------------------------------+
; Analysis & Synthesis Messages ;
+-------------------------------+
Info: *******************************************************************
Info: Running Quartus Prime Analysis & Synthesis
    Info: Version 18.1.0 Build 625 09/12/2018 SJ Lite Edition
    Info: Processing started: Sat Feb 06 16:36:03 2021
Info: Command: quartus_map --read_settings_files=on --write_settings_files=off KnightRiderFlasher -c KnightRiderFlasher
Warning (18236): Number of processors has not been specified which may cause overloading on shared machines.  Set the global assignment NUM_PARALLEL_PROCESSORS in your QSF to an appropriate value for best performance.
Info (20030): Parallel compilation is enabled and will use 8 of the 8 processors detected
Info (12021): Found 5 design units, including 5 entities, in source file knightriderflasher.v
    Info (12023): Found entity 1: KnightRiderFlasher File: //vmware-host/Shared Folders/Desktop/Spring2021/Advanced Digital Logic/Knight Rider Flasher/KnightRiderFlasher.v Line: 6
    Info (12023): Found entity 2: ToggleLatch File: //vmware-host/Shared Folders/Desktop/Spring2021/Advanced Digital Logic/Knight Rider Flasher/KnightRiderFlasher.v Line: 44
    Info (12023): Found entity 3: divideX File: //vmware-host/Shared Folders/Desktop/Spring2021/Advanced Digital Logic/Knight Rider Flasher/KnightRiderFlasher.v Line: 64
    Info (12023): Found entity 4: UpDownCounter File: //vmware-host/Shared Folders/Desktop/Spring2021/Advanced Digital Logic/Knight Rider Flasher/KnightRiderFlasher.v Line: 83
    Info (12023): Found entity 5: decoder2N File: //vmware-host/Shared Folders/Desktop/Spring2021/Advanced Digital Logic/Knight Rider Flasher/KnightRiderFlasher.v Line: 100
Info (12127): Elaborating entity "KnightRiderFlasher" for the top level hierarchy
Warning (10240): Verilog HDL Always Construct warning at KnightRiderFlasher.v(30): inferring latch(es) for variable "direction", which holds its previous value in one or more paths through the always construct File: //vmware-host/Shared Folders/Desktop/Spring2021/Advanced Digital Logic/Knight Rider Flasher/KnightRiderFlasher.v Line: 30
Info (10041): Inferred latch for "direction" at KnightRiderFlasher.v(34) File: //vmware-host/Shared Folders/Desktop/Spring2021/Advanced Digital Logic/Knight Rider Flasher/KnightRiderFlasher.v Line: 34
Info (12128): Elaborating entity "ToggleLatch" for hierarchy "ToggleLatch:toggy" File: //vmware-host/Shared Folders/Desktop/Spring2021/Advanced Digital Logic/Knight Rider Flasher/KnightRiderFlasher.v Line: 24
Warning (10230): Verilog HDL assignment warning at KnightRiderFlasher.v(55): truncated value with size 32 to match size of target (1) File: //vmware-host/Shared Folders/Desktop/Spring2021/Advanced Digital Logic/Knight Rider Flasher/KnightRiderFlasher.v Line: 55
Warning (10230): Verilog HDL assignment warning at KnightRiderFlasher.v(56): truncated value with size 32 to match size of target (1) File: //vmware-host/Shared Folders/Desktop/Spring2021/Advanced Digital Logic/Knight Rider Flasher/KnightRiderFlasher.v Line: 56
Info (12128): Elaborating entity "divideX" for hierarchy "divideX:d" File: //vmware-host/Shared Folders/Desktop/Spring2021/Advanced Digital Logic/Knight Rider Flasher/KnightRiderFlasher.v Line: 26
Info (12128): Elaborating entity "UpDownCounter" for hierarchy "UpDownCounter:udc" File: //vmware-host/Shared Folders/Desktop/Spring2021/Advanced Digital Logic/Knight Rider Flasher/KnightRiderFlasher.v Line: 28
Warning (10230): Verilog HDL assignment warning at KnightRiderFlasher.v(93): truncated value with size 32 to match size of target (4) File: //vmware-host/Shared Folders/Desktop/Spring2021/Advanced Digital Logic/Knight Rider Flasher/KnightRiderFlasher.v Line: 93
Warning (10230): Verilog HDL assignment warning at KnightRiderFlasher.v(95): truncated value with size 32 to match size of target (4) File: //vmware-host/Shared Folders/Desktop/Spring2021/Advanced Digital Logic/Knight Rider Flasher/KnightRiderFlasher.v Line: 95
Info (12128): Elaborating entity "decoder2N" for hierarchy "decoder2N:d2n" File: //vmware-host/Shared Folders/Desktop/Spring2021/Advanced Digital Logic/Knight Rider Flasher/KnightRiderFlasher.v Line: 38
Warning (10230): Verilog HDL assignment warning at KnightRiderFlasher.v(103): truncated value with size 32 to match size of target (16) File: //vmware-host/Shared Folders/Desktop/Spring2021/Advanced Digital Logic/Knight Rider Flasher/KnightRiderFlasher.v Line: 103
Warning (12241): 1 hierarchies have connectivity warnings - see the Connectivity Checks report folder
Info (286030): Timing-Driven Synthesis is running
Info (16010): Generating hard_block partition "hard_block:auto_generated_inst"
    Info (16011): Adding 0 node(s), including 0 DDIO, 0 PLL, 0 transceiver and 0 LCELL
Info (21057): Implemented 108 device resources after synthesis - the final resource count might be different
    Info (21058): Implemented 2 input pins
    Info (21059): Implemented 10 output pins
    Info (21061): Implemented 96 logic cells
Info: Quartus Prime Analysis & Synthesis was successful. 0 errors, 8 warnings
    Info: Peak virtual memory: 4868 megabytes
    Info: Processing ended: Sat Feb 06 16:36:26 2021
    Info: Elapsed time: 00:00:23
    Info: Total CPU time (on all processors): 00:00:33


