------------------------------------------------------------
Timing Analyzer Summary
------------------------------------------------------------

Type  : Slow 1100mV 85C Model Setup 'Clock50'
Slack : -4.909
TNS   : -115.896

Type  : Slow 1100mV 85C Model Setup 'divideX:d|OUT'
Slack : -1.311
TNS   : -5.662

Type  : Slow 1100mV 85C Model Setup 'OnOff'
Slack : -0.820
TNS   : -0.820

Type  : Slow 1100mV 85C Model Hold 'Clock50'
Slack : 0.466
TNS   : 0.000

Type  : Slow 1100mV 85C Model Hold 'OnOff'
Slack : 0.525
TNS   : 0.000

Type  : Slow 1100mV 85C Model Hold 'divideX:d|OUT'
Slack : 0.701
TNS   : 0.000

Type  : Slow 1100mV 85C Model Recovery 'divideX:d|OUT'
Slack : -2.348
TNS   : -11.721

Type  : Slow 1100mV 85C Model Removal 'divideX:d|OUT'
Slack : 1.322
TNS   : 0.000

Type  : Slow 1100mV 85C Model Minimum Pulse Width 'Clock50'
Slack : -0.403
TNS   : -18.708

Type  : Slow 1100mV 85C Model Minimum Pulse Width 'divideX:d|OUT'
Slack : -0.394
TNS   : -2.625

Type  : Slow 1100mV 85C Model Minimum Pulse Width 'OnOff'
Slack : -0.394
TNS   : -0.655

Type  : Slow 1100mV 0C Model Setup 'Clock50'
Slack : -4.877
TNS   : -116.804

Type  : Slow 1100mV 0C Model Setup 'divideX:d|OUT'
Slack : -1.330
TNS   : -5.716

Type  : Slow 1100mV 0C Model Setup 'OnOff'
Slack : -0.769
TNS   : -0.769

Type  : Slow 1100mV 0C Model Hold 'Clock50'
Slack : 0.453
TNS   : 0.000

Type  : Slow 1100mV 0C Model Hold 'OnOff'
Slack : 0.536
TNS   : 0.000

Type  : Slow 1100mV 0C Model Hold 'divideX:d|OUT'
Slack : 0.665
TNS   : 0.000

Type  : Slow 1100mV 0C Model Recovery 'divideX:d|OUT'
Slack : -2.339
TNS   : -11.676

Type  : Slow 1100mV 0C Model Removal 'divideX:d|OUT'
Slack : 1.339
TNS   : 0.000

Type  : Slow 1100mV 0C Model Minimum Pulse Width 'Clock50'
Slack : -0.433
TNS   : -19.188

Type  : Slow 1100mV 0C Model Minimum Pulse Width 'divideX:d|OUT'
Slack : -0.394
TNS   : -2.585

Type  : Slow 1100mV 0C Model Minimum Pulse Width 'OnOff'
Slack : -0.394
TNS   : -0.704

Type  : Fast 1100mV 85C Model Setup 'Clock50'
Slack : -2.350
TNS   : -54.261

Type  : Fast 1100mV 85C Model Setup 'divideX:d|OUT'
Slack : -0.480
TNS   : -2.034

Type  : Fast 1100mV 85C Model Setup 'OnOff'
Slack : -0.137
TNS   : -0.137

Type  : Fast 1100mV 85C Model Hold 'Clock50'
Slack : 0.170
TNS   : 0.000

Type  : Fast 1100mV 85C Model Hold 'OnOff'
Slack : 0.312
TNS   : 0.000

Type  : Fast 1100mV 85C Model Hold 'divideX:d|OUT'
Slack : 0.376
TNS   : 0.000

Type  : Fast 1100mV 85C Model Recovery 'divideX:d|OUT'
Slack : -1.572
TNS   : -7.854

Type  : Fast 1100mV 85C Model Removal 'divideX:d|OUT'
Slack : 0.524
TNS   : 0.000

Type  : Fast 1100mV 85C Model Minimum Pulse Width 'Clock50'
Slack : -0.416
TNS   : -10.179

Type  : Fast 1100mV 85C Model Minimum Pulse Width 'OnOff'
Slack : -0.349
TNS   : -0.380

Type  : Fast 1100mV 85C Model Minimum Pulse Width 'divideX:d|OUT'
Slack : 0.119
TNS   : 0.000

Type  : Fast 1100mV 0C Model Setup 'Clock50'
Slack : -2.104
TNS   : -48.908

Type  : Fast 1100mV 0C Model Setup 'divideX:d|OUT'
Slack : -0.414
TNS   : -1.698

Type  : Fast 1100mV 0C Model Setup 'OnOff'
Slack : -0.084
TNS   : -0.084

Type  : Fast 1100mV 0C Model Hold 'Clock50'
Slack : 0.158
TNS   : 0.000

Type  : Fast 1100mV 0C Model Hold 'OnOff'
Slack : 0.285
TNS   : 0.000

Type  : Fast 1100mV 0C Model Hold 'divideX:d|OUT'
Slack : 0.330
TNS   : 0.000

Type  : Fast 1100mV 0C Model Recovery 'divideX:d|OUT'
Slack : -1.566
TNS   : -7.824

Type  : Fast 1100mV 0C Model Removal 'divideX:d|OUT'
Slack : 0.530
TNS   : 0.000

Type  : Fast 1100mV 0C Model Minimum Pulse Width 'Clock50'
Slack : -0.424
TNS   : -10.589

Type  : Fast 1100mV 0C Model Minimum Pulse Width 'OnOff'
Slack : -0.355
TNS   : -0.383

Type  : Fast 1100mV 0C Model Minimum Pulse Width 'divideX:d|OUT'
Slack : 0.127
TNS   : 0.000

------------------------------------------------------------
